// Jest Snapshot v1, https://goo.gl/fbAQLP

exports[`Icon matches snapshot 1`] = `
<span
  className="fe fe-undefined"
/>
`;
