// Jest Snapshot v1, https://goo.gl/fbAQLP

exports[`Loader Loader matches snapshot 1`] = `
<div
  className="loader"
/>
`;
