// Jest Snapshot v1, https://goo.gl/fbAQLP

exports[`Alert matches snapshot 1`] = `
<div
  className="alert"
  role="alert"
/>
`;

exports[`Alert.Heading matches snapshot 1`] = `
<h4
  className="alert-heading"
/>
`;

exports[`Alert.Link matches snapshot 1`] = `
<a
  className="alert-link"
/>
`;
