// Jest Snapshot v1, https://goo.gl/fbAQLP

exports[`Badge Badge matches snapshot 1`] = `
<span
  className="badge"
/>
`;

exports[`Badge matches snapshot 1`] = `
<span
  className="badge"
/>
`;
