// Jest Snapshot v1, https://goo.gl/fbAQLP

exports[`Dropdown Dropdown matches snapshot 1`] = `
<div
  className="dropdown"
/>
`;
