// Jest Snapshot v1, https://goo.gl/fbAQLP

exports[`Form Form matches snapshot 1`] = `<form />`;
