// Jest Snapshot v1, https://goo.gl/fbAQLP

exports[`Modal Modal matches snapshot 1`] = `
<div
  aria-hidden="true"
  className="modal"
  id="div"
  role="dialog"
  tabIndex="-1"
>
  <div
    className="modal-dialog"
    role="document"
  />
</div>
`;
