// Jest Snapshot v1, https://goo.gl/fbAQLP

exports[`Nav Nav matches snapshot 1`] = `
<nav
  className="nav"
/>
`;
