// Jest Snapshot v1, https://goo.gl/fbAQLP

exports[`Progress Progress matches snapshot 1`] = `
<div
  className="progress"
>
  <div
    aria-valuemax={100}
    aria-valuemin={0}
    aria-valuenow={0}
    className="progress-bar"
    role="progressbar"
    style={
      Object {
        "width": "0%",
      }
    }
  />
</div>
`;
